Товарищи! С другой стороны  практика показывает, что реализация намеченных заданий требует от нас анализа новых предложений
Товарищи! С другой стороны  практика показывает, что реализация намеченных заданий требует от нас анализа финансовых условий
Товарищи! С другой стороны  практика показывает, что реализация намеченных заданий требует от нас анализа административных условий
Товарищи! С другой стороны  практика показывает, что реализация намеченных заданий требует от нас анализа  поставленных задач
Товарищи! С другой стороны  практика показывает, что реализация намеченных заданий требует от нас анализа  поставленных целей
Товарищи! С другой стороны  практика показывает, что реализация развития организационной деятельности требует от нас анализа новых предложений
Товарищи! С другой стороны  практика показывает, что реализация развития организационной деятельности требует от нас анализа финансовых условий
Товарищи! С другой стороны  практика показывает, что реализация развития организационной деятельности требует от нас анализа административных условий
Товарищи! С другой стороны  практика показывает, что реализация развития организационной деятельности требует от нас анализа  поставленных задач
Товарищи! С другой стороны  практика показывает, что реализация развития организационной деятельности требует от нас анализа  поставленных целей
Товарищи! С другой стороны  практика показывает, что реализация развития форм деятельности требует от нас анализа новых предложений
Товарищи! С другой стороны  практика показывает, что реализация развития форм деятельности требует от нас анализа финансовых условий
Товарищи! С другой стороны  практика показывает, что реализация развития форм деятельности требует от нас анализа административных условий
Товарищи! С другой стороны  практика показывает, что реализация развития форм деятельности требует от нас анализа  поставленных задач
Товарищи! С другой стороны  практика показывает, что реализация развития форм деятельности требует от нас анализа  поставленных целей
Товарищи! С другой стороны  практика показывает, что реализация развития обучения кадров требует от нас анализа новых предложений
Товарищи! С другой стороны  практика показывает, что реализация развития обучения кадров требует от нас анализа финансовых условий
Товарищи! С другой стороны  практика показывает, что реализация развития обучения кадров требует от нас анализа административных условий
Товарищи! С другой стороны  практика показывает, что реализация развития обучения кадров требует от нас анализа  поставленных задач
Товарищи! С другой стороны  практика показывает, что реализация развития обучения кадров требует от нас анализа  поставленных целей
Товарищи! С другой стороны  практика показывает, что реализация развития  плановых заданий требует от нас анализа новых предложений
Товарищи! С другой стороны  практика показывает, что реализация развития  плановых заданий требует от нас анализа финансовых условий
Товарищи! С другой стороны  практика показывает, что реализация развития  плановых заданий требует от нас анализа административных условий
Товарищи! С другой стороны  практика показывает, что реализация развития  плановых заданий требует от нас анализа  поставленных задач
Товарищи! С другой стороны  практика показывает, что реализация развития  плановых заданий требует от нас анализа  поставленных целей
Товарищи! С другой стороны  практика показывает, что постоянный рост активности требует от нас анализа новых предложений
Товарищи! С другой стороны  практика показывает, что постоянный рост активности требует от нас анализа финансовых условий
Товарищи! С другой стороны  практика показывает, что постоянный рост активности требует от нас анализа административных условий
Товарищи! С другой стороны  практика показывает, что постоянный рост активности требует от нас анализа  поставленных задач
Товарищи! С другой стороны  практика показывает, что постоянный рост активности требует от нас анализа  поставленных целей
Товарищи! Равным образом  практика показывает, что реализация намеченных заданий требует от нас анализа новых предложений
Товарищи! Равным образом  практика показывает, что реализация намеченных заданий требует от нас анализа финансовых условий
Товарищи! Равным образом  практика показывает, что реализация намеченных заданий требует от нас анализа административных условий
Товарищи! Равным образом  практика показывает, что реализация намеченных заданий требует от нас анализа  поставленных задач
Товарищи! Равным образом  практика показывает, что реализация намеченных заданий требует от нас анализа  поставленных целей
Товарищи! Равным образом  практика показывает, что реализация развития организационной деятельности требует от нас анализа новых предложений
Товарищи! Равным образом  практика показывает, что реализация развития организационной деятельности требует от нас анализа финансовых условий
Товарищи! Равным образом  практика показывает, что реализация развития организационной деятельности требует от нас анализа административных условий
Товарищи! Равным образом  практика показывает, что реализация развития организационной деятельности требует от нас анализа  поставленных задач
Товарищи! Равным образом  практика показывает, что реализация развития организационной деятельности требует от нас анализа  поставленных целей
Товарищи! Равным образом  практика показывает, что реализация развития форм деятельности требует от нас анализа новых предложений
Товарищи! Равным образом  практика показывает, что реализация развития форм деятельности требует от нас анализа финансовых условий
Товарищи! Равным образом  практика показывает, что реализация развития форм деятельности требует от нас анализа административных условий
Товарищи! Равным образом  практика показывает, что реализация развития форм деятельности требует от нас анализа  поставленных задач
Товарищи! Равным образом  практика показывает, что реализация развития форм деятельности требует от нас анализа  поставленных целей
Товарищи! Равным образом  практика показывает, что реализация развития обучения кадров требует от нас анализа новых предложений
Товарищи! Равным образом  практика показывает, что реализация развития обучения кадров требует от нас анализа финансовых условий
Товарищи! Равным образом  практика показывает, что реализация развития обучения кадров требует от нас анализа административных условий
Товарищи! Равным образом  практика показывает, что реализация развития обучения кадров требует от нас анализа  поставленных задач
Товарищи! Равным образом  практика показывает, что реализация развития обучения кадров требует от нас анализа  поставленных целей
Товарищи! Равным образом  практика показывает, что реализация развития  плановых заданий требует от нас анализа новых предложений
Товарищи! Равным образом  практика показывает, что реализация развития  плановых заданий требует от нас анализа финансовых условий
Товарищи! Равным образом  практика показывает, что реализация развития  плановых заданий требует от нас анализа административных условий
Товарищи! Равным образом  практика показывает, что реализация развития  плановых заданий требует от нас анализа  поставленных задач
Товарищи! Равным образом  практика показывает, что реализация развития  плановых заданий требует от нас анализа  поставленных целей
Товарищи! Равным образом  практика показывает, что постоянный рост активности требует от нас анализа новых предложений
Товарищи! Равным образом  практика показывает, что постоянный рост активности требует от нас анализа финансовых условий
Товарищи! Равным образом  практика показывает, что постоянный рост активности требует от нас анализа административных условий
Товарищи! Равным образом  практика показывает, что постоянный рост активности требует от нас анализа  поставленных задач
Товарищи! Равным образом  практика показывает, что постоянный рост активности требует от нас анализа  поставленных целей
Товарищи! Таким образом  практика показывает, что реализация намеченных заданий требует от нас анализа новых предложений
Товарищи! Таким образом  практика показывает, что реализация намеченных заданий требует от нас анализа финансовых условий
Товарищи! Таким образом  практика показывает, что реализация намеченных заданий требует от нас анализа административных условий
Товарищи! Таким образом  практика показывает, что реализация намеченных заданий требует от нас анализа  поставленных задач
Товарищи! Таким образом  практика показывает, что реализация намеченных заданий требует от нас анализа  поставленных целей
Товарищи! Таким образом  практика показывает, что реализация развития организационной деятельности требует от нас анализа новых предложений
Товарищи! Таким образом  практика показывает, что реализация развития организационной деятельности требует от нас анализа финансовых условий
Товарищи! Таким образом  практика показывает, что реализация развития организационной деятельности требует от нас анализа административных условий
Товарищи! Таким образом  практика показывает, что реализация развития организационной деятельности требует от нас анализа  поставленных задач
Товарищи! Таким образом  практика показывает, что реализация развития организационной деятельности требует от нас анализа  поставленных целей
Товарищи! Таким образом  практика показывает, что реализация развития форм деятельности требует от нас анализа новых предложений
Товарищи! Таким образом  практика показывает, что реализация развития форм деятельности требует от нас анализа финансовых условий
Товарищи! Таким образом  практика показывает, что реализация развития форм деятельности требует от нас анализа административных условий
Товарищи! Таким образом  практика показывает, что реализация развития форм деятельности требует от нас анализа  поставленных задач
Товарищи! Таким образом  практика показывает, что реализация развития форм деятельности требует от нас анализа  поставленных целей
Товарищи! Таким образом  практика показывает, что реализация развития обучения кадров требует от нас анализа новых предложений
Товарищи! Таким образом  практика показывает, что реализация развития обучения кадров требует от нас анализа финансовых условий
Товарищи! Таким образом  практика показывает, что реализация развития обучения кадров требует от нас анализа административных условий
Товарищи! Таким образом  практика показывает, что реализация развития обучения кадров требует от нас анализа  поставленных задач
Товарищи! Таким образом  практика показывает, что реализация развития обучения кадров требует от нас анализа  поставленных целей
Товарищи! Таким образом  практика показывает, что реализация развития  плановых заданий требует от нас анализа новых предложений
Товарищи! Таким образом  практика показывает, что реализация развития  плановых заданий требует от нас анализа финансовых условий
Товарищи! Таким образом  практика показывает, что реализация развития  плановых заданий требует от нас анализа административных условий
Товарищи! Таким образом  практика показывает, что реализация развития  плановых заданий требует от нас анализа  поставленных задач
Товарищи! Таким образом  практика показывает, что реализация развития  плановых заданий требует от нас анализа  поставленных целей
Товарищи! Таким образом  практика показывает, что постоянный рост активности требует от нас анализа новых предложений
Товарищи! Таким образом  практика показывает, что постоянный рост активности требует от нас анализа финансовых условий
Товарищи! Таким образом  практика показывает, что постоянный рост активности требует от нас анализа административных условий
Товарищи! Таким образом  практика показывает, что постоянный рост активности требует от нас анализа  поставленных задач
Товарищи! Таким образом  практика показывает, что постоянный рост активности требует от нас анализа  поставленных целей